Copyright 1986-2018 Xilinx, Inc. All Rights Reserved.
-----------------------------------------------------------------------------------------------
| Tool Version : Vivado v.2018.2 (win64) Build 2258646 Thu Jun 14 20:03:12 MDT 2018
| Date         : Mon Apr 20 19:02:11 2026
| Host         : DESKTOP-B0IQ682 running 64-bit major release  (build 9200)
| Command      : report_control_sets -verbose -file perceptron_dataset_control_sets_placed.rpt
| Design       : perceptron_dataset
| Device       : xc7a200t
-----------------------------------------------------------------------------------------------

Control Set Information

Table of Contents
-----------------
1. Summary
2. Histogram
3. Flip-Flop Distribution
4. Detailed Control Set Information

1. Summary
----------

+----------------------------------------------------------+-------+
|                          Status                          | Count |
+----------------------------------------------------------+-------+
| Number of unique control sets                            |    11 |
| Unused register locations in slices containing registers |    38 |
+----------------------------------------------------------+-------+


2. Histogram
------------

+--------+--------------+
| Fanout | Control Sets |
+--------+--------------+
|      2 |            1 |
|    16+ |           10 |
+--------+--------------+


3. Flip-Flop Distribution
-------------------------

+--------------+-----------------------+------------------------+-----------------+--------------+
| Clock Enable | Synchronous Set/Reset | Asynchronous Set/Reset | Total Registers | Total Slices |
+--------------+-----------------------+------------------------+-----------------+--------------+
| No           | No                    | No                     |              16 |            5 |
| No           | No                    | Yes                    |               0 |            0 |
| No           | Yes                   | No                     |               0 |            0 |
| Yes          | No                    | No                     |             140 |           29 |
| Yes          | No                    | Yes                    |               0 |            0 |
| Yes          | Yes                   | No                     |             206 |           31 |
+--------------+-----------------------+------------------------+-----------------+--------------+


4. Detailed Control Set Information
-----------------------------------

+----------------+------------------------------+------------------------+------------------+----------------+
|  Clock Signal  |         Enable Signal        |    Set/Reset Signal    | Slice Load Count | Bel Load Count |
+----------------+------------------------------+------------------------+------------------+----------------+
|  clk_IBUF_BUFG | done_i_2_n_0                 | done_i_1_n_0           |                1 |              2 |
|  clk_IBUF_BUFG |                              |                        |                5 |             16 |
|  clk_IBUF_BUFG | b[31]_i_2_n_0                | b[31]_i_1_n_0          |                3 |             20 |
|  clk_IBUF_BUFG | w[1][31]_i_2_n_0             | w[1][31]_i_1_n_0       |                3 |             20 |
|  clk_IBUF_BUFG | w[0][31]_i_2_n_0             | w[0][31]_i_1_n_0       |                3 |             20 |
|  clk_IBUF_BUFG | w[4][31]_i_2_n_0             | w[4][31]_i_1_n_0       |                3 |             20 |
|  clk_IBUF_BUFG | w[3][31]_i_2_n_0             | w[3][31]_i_1_n_0       |                3 |             20 |
|  clk_IBUF_BUFG | w[5][31]_i_2_n_0             | w[5][31]_i_1_n_0       |                3 |             20 |
|  clk_IBUF_BUFG | w[2][31]_i_2_n_0             | w[2][31]_i_1_n_0       |                3 |             20 |
|  clk_IBUF_BUFG | sample_idx[31]_i_2_n_0       | sample_idx[31]_i_1_n_0 |                9 |             64 |
|  clk_IBUF_BUFG | out_w_flattened[191]_i_1_n_0 |                        |               29 |            140 |
+----------------+------------------------------+------------------------+------------------+----------------+


