#-----------------------------------------------------------
# Vivado v2018.2 (64-bit)
# SW Build 2258646 on Thu Jun 14 20:03:12 MDT 2018
# IP Build 2256618 on Thu Jun 14 22:10:49 MDT 2018
# Start of session at: Fri Apr 10 21:15:27 2026
# Process ID: 3952
# Current directory: C:/Users/HP/perceptron_behavioral/perceptron_behavioral
# Command line: vivado.exe -gui_launcher_event rodinguilauncherevent4604 C:\Users\HP\perceptron_behavioral\perceptron_behavioral\perceptron_behavioral.xpr
# Log file: C:/Users/HP/perceptron_behavioral/perceptron_behavioral/vivado.log
# Journal file: C:/Users/HP/perceptron_behavioral/perceptron_behavioral\vivado.jou
#-----------------------------------------------------------
start_gui
open_project C:/Users/HP/perceptron_behavioral/perceptron_behavioral/perceptron_behavioral.xpr
INFO: [Project 1-313] Project file moved from 'C:/Users/HP/perceptron_behavioral' since last save.
Scanning sources...
Finished scanning sources
INFO: [IP_Flow 19-234] Refreshing IP repositories
INFO: [IP_Flow 19-1704] No user IP repositories specified
INFO: [IP_Flow 19-2313] Loaded Vivado IP repository 'C:/Xilinx/Vivado/2018.2/data/ip'.
open_project: Time (s): cpu = 00:00:20 ; elapsed = 00:00:17 . Memory (MB): peak = 827.059 ; gain = 92.066
update_compile_order -fileset sources_1
launch_simulation
INFO: [Vivado 12-5682] Launching behavioral simulation in 'C:/Users/HP/perceptron_behavioral/perceptron_behavioral/perceptron_behavioral.sim/sim_1/behav/xsim'
INFO: [SIM-utils-51] Simulation object is 'sim_1'
INFO: [SIM-utils-54] Inspecting design source files for 'tb_perceptron_dataset' in fileset 'sim_1'...
INFO: [USF-XSim-97] Finding global include files...
INFO: [USF-XSim-98] Fetching design files from 'sim_1'...
INFO: [USF-XSim-2] XSim::Compile design
INFO: [USF-XSim-61] Executing 'COMPILE and ANALYZE' step in 'C:/Users/HP/perceptron_behavioral/perceptron_behavioral/perceptron_behavioral.sim/sim_1/behav/xsim'
"xvlog --incr --relax -prj tb_perceptron_dataset_vlog.prj"
INFO: [VRFC 10-2263] Analyzing Verilog file "C:/Users/HP/perceptron_behavioral/perceptron_behavioral/perceptron_behavioral.srcs/sources_1/new/perceptron_dataset.v" into library xil_defaultlib
INFO: [VRFC 10-311] analyzing module perceptron_dataset
INFO: [VRFC 10-2263] Analyzing Verilog file "C:/Users/HP/perceptron_behavioral/perceptron_behavioral/perceptron_behavioral.srcs/sim_1/new/tb_perceptron_dataset.v" into library xil_defaultlib
INFO: [VRFC 10-311] analyzing module tb_perceptron_dataset
INFO: [VRFC 10-2263] Analyzing Verilog file "C:/Users/HP/perceptron_behavioral/perceptron_behavioral/perceptron_behavioral.sim/sim_1/behav/xsim/glbl.v" into library xil_defaultlib
INFO: [VRFC 10-311] analyzing module glbl
INFO: [USF-XSim-69] 'compile' step finished in '3' seconds
INFO: [USF-XSim-3] XSim::Elaborate design
INFO: [USF-XSim-61] Executing 'ELABORATE' step in 'C:/Users/HP/perceptron_behavioral/perceptron_behavioral/perceptron_behavioral.sim/sim_1/behav/xsim'
Vivado Simulator 2018.2
Copyright 1986-1999, 2001-2018 Xilinx, Inc. All Rights Reserved.
Running: C:/Xilinx/Vivado/2018.2/bin/unwrapped/win64.o/xelab.exe -wto 9220e5f456894dda80417d8e4da5bc81 --incr --debug typical --relax --mt 2 -L xil_defaultlib -L unisims_ver -L unimacro_ver -L secureip --snapshot tb_perceptron_dataset_behav xil_defaultlib.tb_perceptron_dataset xil_defaultlib.glbl -log elaborate.log 
Using 2 slave threads.
Starting static elaboration
Completed static elaboration
Starting simulation data flow analysis
WARNING: [XSIM 43-4099] "C:/Users/HP/perceptron_behavioral/perceptron_behavioral/perceptron_behavioral.srcs/sources_1/new/perceptron_dataset.v" Line 1. Module perceptron_dataset_default doesn't have a timescale but at least one module in design has a timescale.
Completed simulation data flow analysis
Time Resolution for simulation is 1ps
Compiling module xil_defaultlib.perceptron_dataset_default
Compiling module xil_defaultlib.tb_perceptron_dataset
Compiling module xil_defaultlib.glbl
Built simulation snapshot tb_perceptron_dataset_behav

****** Webtalk v2018.2 (64-bit)
  **** SW Build 2258646 on Thu Jun 14 20:03:12 MDT 2018
  **** IP Build 2256618 on Thu Jun 14 22:10:49 MDT 2018
    ** Copyright 1986-2018 Xilinx, Inc. All Rights Reserved.

source C:/Users/HP/perceptron_behavioral/perceptron_behavioral/perceptron_behavioral.sim/sim_1/behav/xsim/xsim.dir/tb_perceptron_dataset_behav/webtalk/xsim_webtalk.tcl -notrace
webtalk_transmit: Time (s): cpu = 00:00:00 ; elapsed = 00:00:09 . Memory (MB): peak = 54.465 ; gain = 1.016
INFO: [Common 17-206] Exiting Webtalk at Fri Apr 10 21:26:15 2026...
run_program: Time (s): cpu = 00:00:01 ; elapsed = 00:00:12 . Memory (MB): peak = 873.996 ; gain = 0.000
INFO: [USF-XSim-69] 'elaborate' step finished in '12' seconds
INFO: [USF-XSim-4] XSim::Simulate design
INFO: [USF-XSim-61] Executing 'SIMULATE' step in 'C:/Users/HP/perceptron_behavioral/perceptron_behavioral/perceptron_behavioral.sim/sim_1/behav/xsim'
INFO: [USF-XSim-98] *** Running xsim
   with args "tb_perceptron_dataset_behav -key {Behavioral:sim_1:Functional:tb_perceptron_dataset} -tclbatch {tb_perceptron_dataset.tcl} -log {simulate.log}"
INFO: [USF-XSim-8] Loading simulator feature
Vivado Simulator 2018.2
Time resolution is 1 ps
source tb_perceptron_dataset.tcl
# set curr_wave [current_wave_config]
# if { [string length $curr_wave] == 0 } {
#   if { [llength [get_objects]] > 0} {
#     add_wave /
#     set_property needs_save false [current_wave_config]
#   } else {
#      send_msg_id Add_Wave-1 WARNING "No top level signals found. Simulator will start without a wave window. If you want to open a wave window go to 'File->New Waveform Configuration' or type 'create_wave_config' in the TCL console."
#   }
# }
# run 1000ns
INFO: [USF-XSim-96] XSim completed. Design snapshot 'tb_perceptron_dataset_behav' loaded.
INFO: [USF-XSim-97] XSim simulation ran for 1000ns
launch_simulation: Time (s): cpu = 00:00:09 ; elapsed = 00:00:22 . Memory (MB): peak = 895.098 ; gain = 26.566
run all
$finish called at time : 3544825 ns : File "C:/Users/HP/perceptron_behavioral/perceptron_behavioral/perceptron_behavioral.srcs/sim_1/new/tb_perceptron_dataset.v" Line 68
run all
close_sim
INFO: [Simtcl 6-16] Simulation closed
close_sim: Time (s): cpu = 00:00:01 ; elapsed = 00:00:08 . Memory (MB): peak = 912.203 ; gain = 0.000
launch_simulation
INFO: [Vivado 12-5682] Launching behavioral simulation in 'C:/Users/HP/perceptron_behavioral/perceptron_behavioral/perceptron_behavioral.sim/sim_1/behav/xsim'
INFO: [SIM-utils-51] Simulation object is 'sim_1'
INFO: [SIM-utils-54] Inspecting design source files for 'tb_perceptron_dataset' in fileset 'sim_1'...
INFO: [USF-XSim-97] Finding global include files...
INFO: [USF-XSim-98] Fetching design files from 'sim_1'...
INFO: [USF-XSim-2] XSim::Compile design
INFO: [USF-XSim-61] Executing 'COMPILE and ANALYZE' step in 'C:/Users/HP/perceptron_behavioral/perceptron_behavioral/perceptron_behavioral.sim/sim_1/behav/xsim'
"xvlog --incr --relax -prj tb_perceptron_dataset_vlog.prj"
INFO: [USF-XSim-69] 'compile' step finished in '4' seconds
INFO: [USF-XSim-3] XSim::Elaborate design
INFO: [USF-XSim-61] Executing 'ELABORATE' step in 'C:/Users/HP/perceptron_behavioral/perceptron_behavioral/perceptron_behavioral.sim/sim_1/behav/xsim'
Vivado Simulator 2018.2
Copyright 1986-1999, 2001-2018 Xilinx, Inc. All Rights Reserved.
Running: C:/Xilinx/Vivado/2018.2/bin/unwrapped/win64.o/xelab.exe -wto 9220e5f456894dda80417d8e4da5bc81 --incr --debug typical --relax --mt 2 -L xil_defaultlib -L unisims_ver -L unimacro_ver -L secureip --snapshot tb_perceptron_dataset_behav xil_defaultlib.tb_perceptron_dataset xil_defaultlib.glbl -log elaborate.log 
Using 2 slave threads.
Starting static elaboration
Completed static elaboration
INFO: [XSIM 43-4323] No Change in HDL. Linking previously generated obj files to create kernel
INFO: [USF-XSim-69] 'elaborate' step finished in '3' seconds
INFO: [USF-XSim-4] XSim::Simulate design
INFO: [USF-XSim-61] Executing 'SIMULATE' step in 'C:/Users/HP/perceptron_behavioral/perceptron_behavioral/perceptron_behavioral.sim/sim_1/behav/xsim'
INFO: [USF-XSim-98] *** Running xsim
   with args "tb_perceptron_dataset_behav -key {Behavioral:sim_1:Functional:tb_perceptron_dataset} -tclbatch {tb_perceptron_dataset.tcl} -log {simulate.log}"
INFO: [USF-XSim-8] Loading simulator feature
Vivado Simulator 2018.2
Time resolution is 1 ps
source tb_perceptron_dataset.tcl
# set curr_wave [current_wave_config]
# if { [string length $curr_wave] == 0 } {
#   if { [llength [get_objects]] > 0} {
#     add_wave /
#     set_property needs_save false [current_wave_config]
#   } else {
#      send_msg_id Add_Wave-1 WARNING "No top level signals found. Simulator will start without a wave window. If you want to open a wave window go to 'File->New Waveform Configuration' or type 'create_wave_config' in the TCL console."
#   }
# }
# run 1000ns
INFO: [USF-XSim-96] XSim completed. Design snapshot 'tb_perceptron_dataset_behav' loaded.
INFO: [USF-XSim-97] XSim simulation ran for 1000ns
launch_simulation: Time (s): cpu = 00:00:04 ; elapsed = 00:00:10 . Memory (MB): peak = 912.203 ; gain = 0.000
run all
$finish called at time : 3544825 ns : File "C:/Users/HP/perceptron_behavioral/perceptron_behavioral/perceptron_behavioral.srcs/sim_1/new/tb_perceptron_dataset.v" Line 68
run all
INFO: [Common 17-41] Interrupt caught. Command should exit soon.
run: Time (s): cpu = 00:00:54 ; elapsed = 00:01:01 . Memory (MB): peak = 912.203 ; gain = 0.000
INFO: [Common 17-344] 'run' was cancelled
save_wave_config {C:/Users/HP/perceptron_behavioral/perceptron_behavioral/tb_perceptron_dataset_behav.wcfg}
add_files -fileset sim_1 -norecurse C:/Users/HP/perceptron_behavioral/perceptron_behavioral/tb_perceptron_dataset_behav.wcfg
set_property xsim.view C:/Users/HP/perceptron_behavioral/perceptron_behavioral/tb_perceptron_dataset_behav.wcfg [get_filesets sim_1]
close_sim
INFO: [Simtcl 6-16] Simulation closed
exit
INFO: [Common 17-206] Exiting Vivado at Sat Apr 11 17:26:40 2026...
