
*** Running vivado
    with args -log perceptron_dataset.vds -m64 -product Vivado -mode batch -messageDb vivado.pb -notrace -source perceptron_dataset.tcl


****** Vivado v2018.2 (64-bit)
  **** SW Build 2258646 on Thu Jun 14 20:03:12 MDT 2018
  **** IP Build 2256618 on Thu Jun 14 22:10:49 MDT 2018
    ** Copyright 1986-2018 Xilinx, Inc. All Rights Reserved.

source perceptron_dataset.tcl -notrace
Command: synth_design -top perceptron_dataset -part xc7a15tcpg236-1
Starting synth_design
Attempting to get a license for feature 'Synthesis' and/or device 'xc7a15t'
INFO: [Common 17-349] Got license for feature 'Synthesis' and/or device 'xc7a15t'
INFO: Launching helper process for spawning children vivado processes
INFO: Helper process launched with PID 11524 
---------------------------------------------------------------------------------
Starting Synthesize : Time (s): cpu = 00:00:01 ; elapsed = 00:00:02 . Memory (MB): peak = 409.246 ; gain = 96.746
---------------------------------------------------------------------------------
INFO: [Synth 8-6157] synthesizing module 'perceptron_dataset' [C:/Users/HP/perceptron_behavioral/perceptron_behavioral/perceptron_behavioral.srcs/sources_1/new/perceptron_dataset.v:1]
	Parameter N bound to: 10 - type: integer 
	Parameter DATASET bound to: 1024 - type: integer 
	Parameter THRESHOLD bound to: 0 - type: integer 
	Parameter SHIFT bound to: 26 - type: integer 
	Parameter RL bound to: 32'sb00000000000000000001100110011110 
	Parameter IDLE bound to: 0 - type: integer 
	Parameter GEN_TABLE bound to: 1 - type: integer 
	Parameter INIT_EPOCH bound to: 2 - type: integer 
	Parameter SUM_ST bound to: 3 - type: integer 
	Parameter UPDATE bound to: 4 - type: integer 
	Parameter DONE_ST bound to: 5 - type: integer 
INFO: [Synth 8-155] case statement is not full and has no default [C:/Users/HP/perceptron_behavioral/perceptron_behavioral/perceptron_behavioral.srcs/sources_1/new/perceptron_dataset.v:44]
WARNING: [Synth 8-6014] Unused sequential element epoch_reg was removed.  [C:/Users/HP/perceptron_behavioral/perceptron_behavioral/perceptron_behavioral.srcs/sources_1/new/perceptron_dataset.v:42]
WARNING: [Synth 8-6014] Unused sequential element sum_reg was removed.  [C:/Users/HP/perceptron_behavioral/perceptron_behavioral/perceptron_behavioral.srcs/sources_1/new/perceptron_dataset.v:81]
INFO: [Synth 8-6155] done synthesizing module 'perceptron_dataset' (1#1) [C:/Users/HP/perceptron_behavioral/perceptron_behavioral/perceptron_behavioral.srcs/sources_1/new/perceptron_dataset.v:1]
---------------------------------------------------------------------------------
Finished Synthesize : Time (s): cpu = 00:00:13 ; elapsed = 00:00:14 . Memory (MB): peak = 639.719 ; gain = 327.219
---------------------------------------------------------------------------------
---------------------------------------------------------------------------------
Finished Constraint Validation : Time (s): cpu = 00:00:14 ; elapsed = 00:00:16 . Memory (MB): peak = 639.719 ; gain = 327.219
---------------------------------------------------------------------------------
---------------------------------------------------------------------------------
Start Loading Part and Timing Information
---------------------------------------------------------------------------------
Loading part: xc7a15tcpg236-1
---------------------------------------------------------------------------------
Finished Loading Part and Timing Information : Time (s): cpu = 00:00:14 ; elapsed = 00:00:16 . Memory (MB): peak = 639.719 ; gain = 327.219
---------------------------------------------------------------------------------
INFO: [Device 21-403] Loading part xc7a15tcpg236-1
INFO: [Synth 8-4471] merging register 'T_reg[2]' into 'T_reg[1]' [C:/Users/HP/perceptron_behavioral/perceptron_behavioral/perceptron_behavioral.srcs/sources_1/new/perceptron_dataset.v:59]
INFO: [Synth 8-4471] merging register 'T_reg[3]' into 'T_reg[1]' [C:/Users/HP/perceptron_behavioral/perceptron_behavioral/perceptron_behavioral.srcs/sources_1/new/perceptron_dataset.v:59]
INFO: [Synth 8-4471] merging register 'T_reg[4]' into 'T_reg[1]' [C:/Users/HP/perceptron_behavioral/perceptron_behavioral/perceptron_behavioral.srcs/sources_1/new/perceptron_dataset.v:59]
INFO: [Synth 8-4471] merging register 'T_reg[5]' into 'T_reg[1]' [C:/Users/HP/perceptron_behavioral/perceptron_behavioral/perceptron_behavioral.srcs/sources_1/new/perceptron_dataset.v:59]
INFO: [Synth 8-4471] merging register 'T_reg[6]' into 'T_reg[1]' [C:/Users/HP/perceptron_behavioral/perceptron_behavioral/perceptron_behavioral.srcs/sources_1/new/perceptron_dataset.v:59]
INFO: [Synth 8-4471] merging register 'T_reg[7]' into 'T_reg[1]' [C:/Users/HP/perceptron_behavioral/perceptron_behavioral/perceptron_behavioral.srcs/sources_1/new/perceptron_dataset.v:59]
INFO: [Synth 8-4471] merging register 'T_reg[8]' into 'T_reg[1]' [C:/Users/HP/perceptron_behavioral/perceptron_behavioral/perceptron_behavioral.srcs/sources_1/new/perceptron_dataset.v:59]
INFO: [Synth 8-4471] merging register 'T_reg[9]' into 'T_reg[1]' [C:/Users/HP/perceptron_behavioral/perceptron_behavioral/perceptron_behavioral.srcs/sources_1/new/perceptron_dataset.v:59]
INFO: [Synth 8-4471] merging register 'T_reg[10]' into 'T_reg[1]' [C:/Users/HP/perceptron_behavioral/perceptron_behavioral/perceptron_behavioral.srcs/sources_1/new/perceptron_dataset.v:59]
INFO: [Synth 8-4471] merging register 'T_reg[11]' into 'T_reg[1]' [C:/Users/HP/perceptron_behavioral/perceptron_behavioral/perceptron_behavioral.srcs/sources_1/new/perceptron_dataset.v:59]
INFO: [Synth 8-4471] merging register 'T_reg[12]' into 'T_reg[1]' [C:/Users/HP/perceptron_behavioral/perceptron_behavioral/perceptron_behavioral.srcs/sources_1/new/perceptron_dataset.v:59]
INFO: [Synth 8-4471] merging register 'T_reg[13]' into 'T_reg[1]' [C:/Users/HP/perceptron_behavioral/perceptron_behavioral/perceptron_behavioral.srcs/sources_1/new/perceptron_dataset.v:59]
INFO: [Synth 8-4471] merging register 'T_reg[14]' into 'T_reg[1]' [C:/Users/HP/perceptron_behavioral/perceptron_behavioral/perceptron_behavioral.srcs/sources_1/new/perceptron_dataset.v:59]
INFO: [Synth 8-4471] merging register 'T_reg[15]' into 'T_reg[1]' [C:/Users/HP/perceptron_behavioral/perceptron_behavioral/perceptron_behavioral.srcs/sources_1/new/perceptron_dataset.v:59]
INFO: [Synth 8-4471] merging register 'T_reg[16]' into 'T_reg[1]' [C:/Users/HP/perceptron_behavioral/perceptron_behavioral/perceptron_behavioral.srcs/sources_1/new/perceptron_dataset.v:59]
INFO: [Synth 8-4471] merging register 'T_reg[17]' into 'T_reg[1]' [C:/Users/HP/perceptron_behavioral/perceptron_behavioral/perceptron_behavioral.srcs/sources_1/new/perceptron_dataset.v:59]
INFO: [Synth 8-4471] merging register 'T_reg[18]' into 'T_reg[1]' [C:/Users/HP/perceptron_behavioral/perceptron_behavioral/perceptron_behavioral.srcs/sources_1/new/perceptron_dataset.v:59]
INFO: [Synth 8-4471] merging register 'T_reg[19]' into 'T_reg[1]' [C:/Users/HP/perceptron_behavioral/perceptron_behavioral/perceptron_behavioral.srcs/sources_1/new/perceptron_dataset.v:59]
INFO: [Synth 8-4471] merging register 'T_reg[20]' into 'T_reg[1]' [C:/Users/HP/perceptron_behavioral/perceptron_behavioral/perceptron_behavioral.srcs/sources_1/new/perceptron_dataset.v:59]
INFO: [Synth 8-4471] merging register 'T_reg[21]' into 'T_reg[1]' [C:/Users/HP/perceptron_behavioral/perceptron_behavioral/perceptron_behavioral.srcs/sources_1/new/perceptron_dataset.v:59]
INFO: [Synth 8-4471] merging register 'T_reg[22]' into 'T_reg[1]' [C:/Users/HP/perceptron_behavioral/perceptron_behavioral/perceptron_behavioral.srcs/sources_1/new/perceptron_dataset.v:59]
INFO: [Synth 8-4471] merging register 'T_reg[23]' into 'T_reg[1]' [C:/Users/HP/perceptron_behavioral/perceptron_behavioral/perceptron_behavioral.srcs/sources_1/new/perceptron_dataset.v:59]
INFO: [Synth 8-4471] merging register 'T_reg[24]' into 'T_reg[1]' [C:/Users/HP/perceptron_behavioral/perceptron_behavioral/perceptron_behavioral.srcs/sources_1/new/perceptron_dataset.v:59]
INFO: [Synth 8-4471] merging register 'T_reg[25]' into 'T_reg[1]' [C:/Users/HP/perceptron_behavioral/perceptron_behavioral/perceptron_behavioral.srcs/sources_1/new/perceptron_dataset.v:59]
INFO: [Synth 8-4471] merging register 'T_reg[26]' into 'T_reg[1]' [C:/Users/HP/perceptron_behavioral/perceptron_behavioral/perceptron_behavioral.srcs/sources_1/new/perceptron_dataset.v:59]
INFO: [Synth 8-4471] merging register 'T_reg[27]' into 'T_reg[1]' [C:/Users/HP/perceptron_behavioral/perceptron_behavioral/perceptron_behavioral.srcs/sources_1/new/perceptron_dataset.v:59]
INFO: [Synth 8-4471] merging register 'T_reg[28]' into 'T_reg[1]' [C:/Users/HP/perceptron_behavioral/perceptron_behavioral/perceptron_behavioral.srcs/sources_1/new/perceptron_dataset.v:59]
INFO: [Synth 8-4471] merging register 'T_reg[29]' into 'T_reg[1]' [C:/Users/HP/perceptron_behavioral/perceptron_behavioral/perceptron_behavioral.srcs/sources_1/new/perceptron_dataset.v:59]
INFO: [Synth 8-4471] merging register 'T_reg[30]' into 'T_reg[1]' [C:/Users/HP/perceptron_behavioral/perceptron_behavioral/perceptron_behavioral.srcs/sources_1/new/perceptron_dataset.v:59]
INFO: [Synth 8-4471] merging register 'T_reg[31]' into 'T_reg[1]' [C:/Users/HP/perceptron_behavioral/perceptron_behavioral/perceptron_behavioral.srcs/sources_1/new/perceptron_dataset.v:59]
INFO: [Synth 8-4471] merging register 'T_reg[32]' into 'T_reg[1]' [C:/Users/HP/perceptron_behavioral/perceptron_behavioral/perceptron_behavioral.srcs/sources_1/new/perceptron_dataset.v:59]
INFO: [Synth 8-4471] merging register 'T_reg[33]' into 'T_reg[1]' [C:/Users/HP/perceptron_behavioral/perceptron_behavioral/perceptron_behavioral.srcs/sources_1/new/perceptron_dataset.v:59]
INFO: [Synth 8-4471] merging register 'T_reg[34]' into 'T_reg[1]' [C:/Users/HP/perceptron_behavioral/perceptron_behavioral/perceptron_behavioral.srcs/sources_1/new/perceptron_dataset.v:59]
INFO: [Synth 8-4471] merging register 'T_reg[35]' into 'T_reg[1]' [C:/Users/HP/perceptron_behavioral/perceptron_behavioral/perceptron_behavioral.srcs/sources_1/new/perceptron_dataset.v:59]
INFO: [Synth 8-4471] merging register 'T_reg[36]' into 'T_reg[1]' [C:/Users/HP/perceptron_behavioral/perceptron_behavioral/perceptron_behavioral.srcs/sources_1/new/perceptron_dataset.v:59]
INFO: [Synth 8-4471] merging register 'T_reg[37]' into 'T_reg[1]' [C:/Users/HP/perceptron_behavioral/perceptron_behavioral/perceptron_behavioral.srcs/sources_1/new/perceptron_dataset.v:59]
INFO: [Synth 8-4471] merging register 'T_reg[38]' into 'T_reg[1]' [C:/Users/HP/perceptron_behavioral/perceptron_behavioral/perceptron_behavioral.srcs/sources_1/new/perceptron_dataset.v:59]
INFO: [Synth 8-4471] merging register 'T_reg[39]' into 'T_reg[1]' [C:/Users/HP/perceptron_behavioral/perceptron_behavioral/perceptron_behavioral.srcs/sources_1/new/perceptron_dataset.v:59]
INFO: [Synth 8-4471] merging register 'T_reg[40]' into 'T_reg[1]' [C:/Users/HP/perceptron_behavioral/perceptron_behavioral/perceptron_behavioral.srcs/sources_1/new/perceptron_dataset.v:59]
INFO: [Synth 8-4471] merging register 'T_reg[41]' into 'T_reg[1]' [C:/Users/HP/perceptron_behavioral/perceptron_behavioral/perceptron_behavioral.srcs/sources_1/new/perceptron_dataset.v:59]
INFO: [Synth 8-4471] merging register 'T_reg[42]' into 'T_reg[1]' [C:/Users/HP/perceptron_behavioral/perceptron_behavioral/perceptron_behavioral.srcs/sources_1/new/perceptron_dataset.v:59]
INFO: [Synth 8-4471] merging register 'T_reg[43]' into 'T_reg[1]' [C:/Users/HP/perceptron_behavioral/perceptron_behavioral/perceptron_behavioral.srcs/sources_1/new/perceptron_dataset.v:59]
INFO: [Synth 8-4471] merging register 'T_reg[44]' into 'T_reg[1]' [C:/Users/HP/perceptron_behavioral/perceptron_behavioral/perceptron_behavioral.srcs/sources_1/new/perceptron_dataset.v:59]
INFO: [Synth 8-4471] merging register 'T_reg[45]' into 'T_reg[1]' [C:/Users/HP/perceptron_behavioral/perceptron_behavioral/perceptron_behavioral.srcs/sources_1/new/perceptron_dataset.v:59]
INFO: [Synth 8-4471] merging register 'T_reg[46]' into 'T_reg[1]' [C:/Users/HP/perceptron_behavioral/perceptron_behavioral/perceptron_behavioral.srcs/sources_1/new/perceptron_dataset.v:59]
INFO: [Synth 8-4471] merging register 'T_reg[47]' into 'T_reg[1]' [C:/Users/HP/perceptron_behavioral/perceptron_behavioral/perceptron_behavioral.srcs/sources_1/new/perceptron_dataset.v:59]
INFO: [Synth 8-4471] merging register 'T_reg[48]' into 'T_reg[1]' [C:/Users/HP/perceptron_behavioral/perceptron_behavioral/perceptron_behavioral.srcs/sources_1/new/perceptron_dataset.v:59]
INFO: [Synth 8-4471] merging register 'T_reg[49]' into 'T_reg[1]' [C:/Users/HP/perceptron_behavioral/perceptron_behavioral/perceptron_behavioral.srcs/sources_1/new/perceptron_dataset.v:59]
INFO: [Synth 8-4471] merging register 'T_reg[50]' into 'T_reg[1]' [C:/Users/HP/perceptron_behavioral/perceptron_behavioral/perceptron_behavioral.srcs/sources_1/new/perceptron_dataset.v:59]
INFO: [Synth 8-4471] merging register 'T_reg[51]' into 'T_reg[1]' [C:/Users/HP/perceptron_behavioral/perceptron_behavioral/perceptron_behavioral.srcs/sources_1/new/perceptron_dataset.v:59]
INFO: [Synth 8-4471] merging register 'T_reg[52]' into 'T_reg[1]' [C:/Users/HP/perceptron_behavioral/perceptron_behavioral/perceptron_behavioral.srcs/sources_1/new/perceptron_dataset.v:59]
INFO: [Synth 8-4471] merging register 'T_reg[53]' into 'T_reg[1]' [C:/Users/HP/perceptron_behavioral/perceptron_behavioral/perceptron_behavioral.srcs/sources_1/new/perceptron_dataset.v:59]
INFO: [Synth 8-4471] merging register 'T_reg[54]' into 'T_reg[1]' [C:/Users/HP/perceptron_behavioral/perceptron_behavioral/perceptron_behavioral.srcs/sources_1/new/perceptron_dataset.v:59]
INFO: [Synth 8-4471] merging register 'T_reg[55]' into 'T_reg[1]' [C:/Users/HP/perceptron_behavioral/perceptron_behavioral/perceptron_behavioral.srcs/sources_1/new/perceptron_dataset.v:59]
INFO: [Synth 8-4471] merging register 'T_reg[56]' into 'T_reg[1]' [C:/Users/HP/perceptron_behavioral/perceptron_behavioral/perceptron_behavioral.srcs/sources_1/new/perceptron_dataset.v:59]
INFO: [Synth 8-4471] merging register 'T_reg[57]' into 'T_reg[1]' [C:/Users/HP/perceptron_behavioral/perceptron_behavioral/perceptron_behavioral.srcs/sources_1/new/perceptron_dataset.v:59]
INFO: [Synth 8-4471] merging register 'T_reg[58]' into 'T_reg[1]' [C:/Users/HP/perceptron_behavioral/perceptron_behavioral/perceptron_behavioral.srcs/sources_1/new/perceptron_dataset.v:59]
INFO: [Synth 8-4471] merging register 'T_reg[59]' into 'T_reg[1]' [C:/Users/HP/perceptron_behavioral/perceptron_behavioral/perceptron_behavioral.srcs/sources_1/new/perceptron_dataset.v:59]
INFO: [Synth 8-4471] merging register 'T_reg[60]' into 'T_reg[1]' [C:/Users/HP/perceptron_behavioral/perceptron_behavioral/perceptron_behavioral.srcs/sources_1/new/perceptron_dataset.v:59]
INFO: [Synth 8-4471] merging register 'T_reg[61]' into 'T_reg[1]' [C:/Users/HP/perceptron_behavioral/perceptron_behavioral/perceptron_behavioral.srcs/sources_1/new/perceptron_dataset.v:59]
INFO: [Synth 8-4471] merging register 'T_reg[62]' into 'T_reg[1]' [C:/Users/HP/perceptron_behavioral/perceptron_behavioral/perceptron_behavioral.srcs/sources_1/new/perceptron_dataset.v:59]
INFO: [Synth 8-4471] merging register 'T_reg[63]' into 'T_reg[1]' [C:/Users/HP/perceptron_behavioral/perceptron_behavioral/perceptron_behavioral.srcs/sources_1/new/perceptron_dataset.v:59]
INFO: [Synth 8-4471] merging register 'T_reg[64]' into 'T_reg[1]' [C:/Users/HP/perceptron_behavioral/perceptron_behavioral/perceptron_behavioral.srcs/sources_1/new/perceptron_dataset.v:59]
INFO: [Synth 8-4471] merging register 'T_reg[65]' into 'T_reg[1]' [C:/Users/HP/perceptron_behavioral/perceptron_behavioral/perceptron_behavioral.srcs/sources_1/new/perceptron_dataset.v:59]
INFO: [Synth 8-4471] merging register 'T_reg[66]' into 'T_reg[1]' [C:/Users/HP/perceptron_behavioral/perceptron_behavioral/perceptron_behavioral.srcs/sources_1/new/perceptron_dataset.v:59]
INFO: [Synth 8-4471] merging register 'T_reg[67]' into 'T_reg[1]' [C:/Users/HP/perceptron_behavioral/perceptron_behavioral/perceptron_behavioral.srcs/sources_1/new/perceptron_dataset.v:59]
INFO: [Synth 8-4471] merging register 'T_reg[68]' into 'T_reg[1]' [C:/Users/HP/perceptron_behavioral/perceptron_behavioral/perceptron_behavioral.srcs/sources_1/new/perceptron_dataset.v:59]
INFO: [Synth 8-4471] merging register 'T_reg[69]' into 'T_reg[1]' [C:/Users/HP/perceptron_behavioral/perceptron_behavioral/perceptron_behavioral.srcs/sources_1/new/perceptron_dataset.v:59]
INFO: [Synth 8-4471] merging register 'T_reg[70]' into 'T_reg[1]' [C:/Users/HP/perceptron_behavioral/perceptron_behavioral/perceptron_behavioral.srcs/sources_1/new/perceptron_dataset.v:59]
INFO: [Synth 8-4471] merging register 'T_reg[71]' into 'T_reg[1]' [C:/Users/HP/perceptron_behavioral/perceptron_behavioral/perceptron_behavioral.srcs/sources_1/new/perceptron_dataset.v:59]
INFO: [Synth 8-4471] merging register 'T_reg[72]' into 'T_reg[1]' [C:/Users/HP/perceptron_behavioral/perceptron_behavioral/perceptron_behavioral.srcs/sources_1/new/perceptron_dataset.v:59]
INFO: [Synth 8-4471] merging register 'T_reg[73]' into 'T_reg[1]' [C:/Users/HP/perceptron_behavioral/perceptron_behavioral/perceptron_behavioral.srcs/sources_1/new/perceptron_dataset.v:59]
INFO: [Synth 8-4471] merging register 'T_reg[74]' into 'T_reg[1]' [C:/Users/HP/perceptron_behavioral/perceptron_behavioral/perceptron_behavioral.srcs/sources_1/new/perceptron_dataset.v:59]
INFO: [Synth 8-4471] merging register 'T_reg[75]' into 'T_reg[1]' [C:/Users/HP/perceptron_behavioral/perceptron_behavioral/perceptron_behavioral.srcs/sources_1/new/perceptron_dataset.v:59]
INFO: [Synth 8-4471] merging register 'T_reg[76]' into 'T_reg[1]' [C:/Users/HP/perceptron_behavioral/perceptron_behavioral/perceptron_behavioral.srcs/sources_1/new/perceptron_dataset.v:59]
INFO: [Synth 8-4471] merging register 'T_reg[77]' into 'T_reg[1]' [C:/Users/HP/perceptron_behavioral/perceptron_behavioral/perceptron_behavioral.srcs/sources_1/new/perceptron_dataset.v:59]
INFO: [Synth 8-4471] merging register 'T_reg[78]' into 'T_reg[1]' [C:/Users/HP/perceptron_behavioral/perceptron_behavioral/perceptron_behavioral.srcs/sources_1/new/perceptron_dataset.v:59]
INFO: [Synth 8-4471] merging register 'T_reg[79]' into 'T_reg[1]' [C:/Users/HP/perceptron_behavioral/perceptron_behavioral/perceptron_behavioral.srcs/sources_1/new/perceptron_dataset.v:59]
INFO: [Synth 8-4471] merging register 'T_reg[80]' into 'T_reg[1]' [C:/Users/HP/perceptron_behavioral/perceptron_behavioral/perceptron_behavioral.srcs/sources_1/new/perceptron_dataset.v:59]
INFO: [Synth 8-4471] merging register 'T_reg[81]' into 'T_reg[1]' [C:/Users/HP/perceptron_behavioral/perceptron_behavioral/perceptron_behavioral.srcs/sources_1/new/perceptron_dataset.v:59]
INFO: [Synth 8-4471] merging register 'T_reg[82]' into 'T_reg[1]' [C:/Users/HP/perceptron_behavioral/perceptron_behavioral/perceptron_behavioral.srcs/sources_1/new/perceptron_dataset.v:59]
INFO: [Synth 8-4471] merging register 'T_reg[83]' into 'T_reg[1]' [C:/Users/HP/perceptron_behavioral/perceptron_behavioral/perceptron_behavioral.srcs/sources_1/new/perceptron_dataset.v:59]
INFO: [Synth 8-4471] merging register 'T_reg[84]' into 'T_reg[1]' [C:/Users/HP/perceptron_behavioral/perceptron_behavioral/perceptron_behavioral.srcs/sources_1/new/perceptron_dataset.v:59]
INFO: [Synth 8-4471] merging register 'T_reg[85]' into 'T_reg[1]' [C:/Users/HP/perceptron_behavioral/perceptron_behavioral/perceptron_behavioral.srcs/sources_1/new/perceptron_dataset.v:59]
INFO: [Synth 8-4471] merging register 'T_reg[86]' into 'T_reg[1]' [C:/Users/HP/perceptron_behavioral/perceptron_behavioral/perceptron_behavioral.srcs/sources_1/new/perceptron_dataset.v:59]
INFO: [Synth 8-4471] merging register 'T_reg[87]' into 'T_reg[1]' [C:/Users/HP/perceptron_behavioral/perceptron_behavioral/perceptron_behavioral.srcs/sources_1/new/perceptron_dataset.v:59]
INFO: [Synth 8-4471] merging register 'T_reg[88]' into 'T_reg[1]' [C:/Users/HP/perceptron_behavioral/perceptron_behavioral/perceptron_behavioral.srcs/sources_1/new/perceptron_dataset.v:59]
INFO: [Synth 8-4471] merging register 'T_reg[89]' into 'T_reg[1]' [C:/Users/HP/perceptron_behavioral/perceptron_behavioral/perceptron_behavioral.srcs/sources_1/new/perceptron_dataset.v:59]
INFO: [Synth 8-4471] merging register 'T_reg[90]' into 'T_reg[1]' [C:/Users/HP/perceptron_behavioral/perceptron_behavioral/perceptron_behavioral.srcs/sources_1/new/perceptron_dataset.v:59]
INFO: [Synth 8-4471] merging register 'T_reg[91]' into 'T_reg[1]' [C:/Users/HP/perceptron_behavioral/perceptron_behavioral/perceptron_behavioral.srcs/sources_1/new/perceptron_dataset.v:59]
INFO: [Synth 8-4471] merging register 'T_reg[92]' into 'T_reg[1]' [C:/Users/HP/perceptron_behavioral/perceptron_behavioral/perceptron_behavioral.srcs/sources_1/new/perceptron_dataset.v:59]
INFO: [Synth 8-4471] merging register 'T_reg[93]' into 'T_reg[1]' [C:/Users/HP/perceptron_behavioral/perceptron_behavioral/perceptron_behavioral.srcs/sources_1/new/perceptron_dataset.v:59]
INFO: [Synth 8-4471] merging register 'T_reg[94]' into 'T_reg[1]' [C:/Users/HP/perceptron_behavioral/perceptron_behavioral/perceptron_behavioral.srcs/sources_1/new/perceptron_dataset.v:59]
INFO: [Synth 8-4471] merging register 'T_reg[95]' into 'T_reg[1]' [C:/Users/HP/perceptron_behavioral/perceptron_behavioral/perceptron_behavioral.srcs/sources_1/new/perceptron_dataset.v:59]
INFO: [Synth 8-4471] merging register 'T_reg[96]' into 'T_reg[1]' [C:/Users/HP/perceptron_behavioral/perceptron_behavioral/perceptron_behavioral.srcs/sources_1/new/perceptron_dataset.v:59]
INFO: [Synth 8-4471] merging register 'T_reg[97]' into 'T_reg[1]' [C:/Users/HP/perceptron_behavioral/perceptron_behavioral/perceptron_behavioral.srcs/sources_1/new/perceptron_dataset.v:59]
INFO: [Synth 8-4471] merging register 'T_reg[98]' into 'T_reg[1]' [C:/Users/HP/perceptron_behavioral/perceptron_behavioral/perceptron_behavioral.srcs/sources_1/new/perceptron_dataset.v:59]
INFO: [Synth 8-4471] merging register 'T_reg[99]' into 'T_reg[1]' [C:/Users/HP/perceptron_behavioral/perceptron_behavioral/perceptron_behavioral.srcs/sources_1/new/perceptron_dataset.v:59]
INFO: [Synth 8-4471] merging register 'T_reg[100]' into 'T_reg[1]' [C:/Users/HP/perceptron_behavioral/perceptron_behavioral/perceptron_behavioral.srcs/sources_1/new/perceptron_dataset.v:59]
INFO: [Synth 8-4471] merging register 'T_reg[101]' into 'T_reg[1]' [C:/Users/HP/perceptron_behavioral/perceptron_behavioral/perceptron_behavioral.srcs/sources_1/new/perceptron_dataset.v:59]
INFO: [Common 17-14] Message 'Synth 8-4471' appears 100 times and further instances of the messages will be disabled. Use the Tcl command set_msg_config to change the current settings.
WARNING: [Synth 8-6014] Unused sequential element T_reg[2] was removed.  [C:/Users/HP/perceptron_behavioral/perceptron_behavioral/perceptron_behavioral.srcs/sources_1/new/perceptron_dataset.v:59]
WARNING: [Synth 8-6014] Unused sequential element T_reg[3] was removed.  [C:/Users/HP/perceptron_behavioral/perceptron_behavioral/perceptron_behavioral.srcs/sources_1/new/perceptron_dataset.v:59]
WARNING: [Synth 8-6014] Unused sequential element T_reg[4] was removed.  [C:/Users/HP/perceptron_behavioral/perceptron_behavioral/perceptron_behavioral.srcs/sources_1/new/perceptron_dataset.v:59]
WARNING: [Synth 8-6014] Unused sequential element T_reg[5] was removed.  [C:/Users/HP/perceptron_behavioral/perceptron_behavioral/perceptron_behavioral.srcs/sources_1/new/perceptron_dataset.v:59]
WARNING: [Synth 8-6014] Unused sequential element T_reg[6] was removed.  [C:/Users/HP/perceptron_behavioral/perceptron_behavioral/perceptron_behavioral.srcs/sources_1/new/perceptron_dataset.v:59]
WARNING: [Synth 8-6014] Unused sequential element T_reg[7] was removed.  [C:/Users/HP/perceptron_behavioral/perceptron_behavioral/perceptron_behavioral.srcs/sources_1/new/perceptron_dataset.v:59]
WARNING: [Synth 8-6014] Unused sequential element T_reg[8] was removed.  [C:/Users/HP/perceptron_behavioral/perceptron_behavioral/perceptron_behavioral.srcs/sources_1/new/perceptron_dataset.v:59]
WARNING: [Synth 8-6014] Unused sequential element T_reg[9] was removed.  [C:/Users/HP/perceptron_behavioral/perceptron_behavioral/perceptron_behavioral.srcs/sources_1/new/perceptron_dataset.v:59]
WARNING: [Synth 8-6014] Unused sequential element T_reg[10] was removed.  [C:/Users/HP/perceptron_behavioral/perceptron_behavioral/perceptron_behavioral.srcs/sources_1/new/perceptron_dataset.v:59]
WARNING: [Synth 8-6014] Unused sequential element T_reg[11] was removed.  [C:/Users/HP/perceptron_behavioral/perceptron_behavioral/perceptron_behavioral.srcs/sources_1/new/perceptron_dataset.v:59]
WARNING: [Synth 8-6014] Unused sequential element T_reg[12] was removed.  [C:/Users/HP/perceptron_behavioral/perceptron_behavioral/perceptron_behavioral.srcs/sources_1/new/perceptron_dataset.v:59]
WARNING: [Synth 8-6014] Unused sequential element T_reg[13] was removed.  [C:/Users/HP/perceptron_behavioral/perceptron_behavioral/perceptron_behavioral.srcs/sources_1/new/perceptron_dataset.v:59]
WARNING: [Synth 8-6014] Unused sequential element T_reg[14] was removed.  [C:/Users/HP/perceptron_behavioral/perceptron_behavioral/perceptron_behavioral.srcs/sources_1/new/perceptron_dataset.v:59]
WARNING: [Synth 8-6014] Unused sequential element T_reg[15] was removed.  [C:/Users/HP/perceptron_behavioral/perceptron_behavioral/perceptron_behavioral.srcs/sources_1/new/perceptron_dataset.v:59]
WARNING: [Synth 8-6014] Unused sequential element T_reg[16] was removed.  [C:/Users/HP/perceptron_behavioral/perceptron_behavioral/perceptron_behavioral.srcs/sources_1/new/perceptron_dataset.v:59]
WARNING: [Synth 8-6014] Unused sequential element T_reg[17] was removed.  [C:/Users/HP/perceptron_behavioral/perceptron_behavioral/perceptron_behavioral.srcs/sources_1/new/perceptron_dataset.v:59]
WARNING: [Synth 8-6014] Unused sequential element T_reg[18] was removed.  [C:/Users/HP/perceptron_behavioral/perceptron_behavioral/perceptron_behavioral.srcs/sources_1/new/perceptron_dataset.v:59]
WARNING: [Synth 8-6014] Unused sequential element T_reg[19] was removed.  [C:/Users/HP/perceptron_behavioral/perceptron_behavioral/perceptron_behavioral.srcs/sources_1/new/perceptron_dataset.v:59]
WARNING: [Synth 8-6014] Unused sequential element T_reg[20] was removed.  [C:/Users/HP/perceptron_behavioral/perceptron_behavioral/perceptron_behavioral.srcs/sources_1/new/perceptron_dataset.v:59]
WARNING: [Synth 8-6014] Unused sequential element T_reg[21] was removed.  [C:/Users/HP/perceptron_behavioral/perceptron_behavioral/perceptron_behavioral.srcs/sources_1/new/perceptron_dataset.v:59]
WARNING: [Synth 8-6014] Unused sequential element T_reg[22] was removed.  [C:/Users/HP/perceptron_behavioral/perceptron_behavioral/perceptron_behavioral.srcs/sources_1/new/perceptron_dataset.v:59]
WARNING: [Synth 8-6014] Unused sequential element T_reg[23] was removed.  [C:/Users/HP/perceptron_behavioral/perceptron_behavioral/perceptron_behavioral.srcs/sources_1/new/perceptron_dataset.v:59]
WARNING: [Synth 8-6014] Unused sequential element T_reg[24] was removed.  [C:/Users/HP/perceptron_behavioral/perceptron_behavioral/perceptron_behavioral.srcs/sources_1/new/perceptron_dataset.v:59]
WARNING: [Synth 8-6014] Unused sequential element T_reg[25] was removed.  [C:/Users/HP/perceptron_behavioral/perceptron_behavioral/perceptron_behavioral.srcs/sources_1/new/perceptron_dataset.v:59]
WARNING: [Synth 8-6014] Unused sequential element T_reg[26] was removed.  [C:/Users/HP/perceptron_behavioral/perceptron_behavioral/perceptron_behavioral.srcs/sources_1/new/perceptron_dataset.v:59]
WARNING: [Synth 8-6014] Unused sequential element T_reg[27] was removed.  [C:/Users/HP/perceptron_behavioral/perceptron_behavioral/perceptron_behavioral.srcs/sources_1/new/perceptron_dataset.v:59]
WARNING: [Synth 8-6014] Unused sequential element T_reg[28] was removed.  [C:/Users/HP/perceptron_behavioral/perceptron_behavioral/perceptron_behavioral.srcs/sources_1/new/perceptron_dataset.v:59]
WARNING: [Synth 8-6014] Unused sequential element T_reg[29] was removed.  [C:/Users/HP/perceptron_behavioral/perceptron_behavioral/perceptron_behavioral.srcs/sources_1/new/perceptron_dataset.v:59]
WARNING: [Synth 8-6014] Unused sequential element T_reg[30] was removed.  [C:/Users/HP/perceptron_behavioral/perceptron_behavioral/perceptron_behavioral.srcs/sources_1/new/perceptron_dataset.v:59]
WARNING: [Synth 8-6014] Unused sequential element T_reg[31] was removed.  [C:/Users/HP/perceptron_behavioral/perceptron_behavioral/perceptron_behavioral.srcs/sources_1/new/perceptron_dataset.v:59]
WARNING: [Synth 8-6014] Unused sequential element T_reg[32] was removed.  [C:/Users/HP/perceptron_behavioral/perceptron_behavioral/perceptron_behavioral.srcs/sources_1/new/perceptron_dataset.v:59]
WARNING: [Synth 8-6014] Unused sequential element T_reg[33] was removed.  [C:/Users/HP/perceptron_behavioral/perceptron_behavioral/perceptron_behavioral.srcs/sources_1/new/perceptron_dataset.v:59]
WARNING: [Synth 8-6014] Unused sequential element T_reg[34] was removed.  [C:/Users/HP/perceptron_behavioral/perceptron_behavioral/perceptron_behavioral.srcs/sources_1/new/perceptron_dataset.v:59]
WARNING: [Synth 8-6014] Unused sequential element T_reg[35] was removed.  [C:/Users/HP/perceptron_behavioral/perceptron_behavioral/perceptron_behavioral.srcs/sources_1/new/perceptron_dataset.v:59]
WARNING: [Synth 8-6014] Unused sequential element T_reg[36] was removed.  [C:/Users/HP/perceptron_behavioral/perceptron_behavioral/perceptron_behavioral.srcs/sources_1/new/perceptron_dataset.v:59]
WARNING: [Synth 8-6014] Unused sequential element T_reg[37] was removed.  [C:/Users/HP/perceptron_behavioral/perceptron_behavioral/perceptron_behavioral.srcs/sources_1/new/perceptron_dataset.v:59]
WARNING: [Synth 8-6014] Unused sequential element T_reg[38] was removed.  [C:/Users/HP/perceptron_behavioral/perceptron_behavioral/perceptron_behavioral.srcs/sources_1/new/perceptron_dataset.v:59]
WARNING: [Synth 8-6014] Unused sequential element T_reg[39] was removed.  [C:/Users/HP/perceptron_behavioral/perceptron_behavioral/perceptron_behavioral.srcs/sources_1/new/perceptron_dataset.v:59]
WARNING: [Synth 8-6014] Unused sequential element T_reg[40] was removed.  [C:/Users/HP/perceptron_behavioral/perceptron_behavioral/perceptron_behavioral.srcs/sources_1/new/perceptron_dataset.v:59]
WARNING: [Synth 8-6014] Unused sequential element T_reg[41] was removed.  [C:/Users/HP/perceptron_behavioral/perceptron_behavioral/perceptron_behavioral.srcs/sources_1/new/perceptron_dataset.v:59]
WARNING: [Synth 8-6014] Unused sequential element T_reg[42] was removed.  [C:/Users/HP/perceptron_behavioral/perceptron_behavioral/perceptron_behavioral.srcs/sources_1/new/perceptron_dataset.v:59]
WARNING: [Synth 8-6014] Unused sequential element T_reg[43] was removed.  [C:/Users/HP/perceptron_behavioral/perceptron_behavioral/perceptron_behavioral.srcs/sources_1/new/perceptron_dataset.v:59]
WARNING: [Synth 8-6014] Unused sequential element T_reg[44] was removed.  [C:/Users/HP/perceptron_behavioral/perceptron_behavioral/perceptron_behavioral.srcs/sources_1/new/perceptron_dataset.v:59]
WARNING: [Synth 8-6014] Unused sequential element T_reg[45] was removed.  [C:/Users/HP/perceptron_behavioral/perceptron_behavioral/perceptron_behavioral.srcs/sources_1/new/perceptron_dataset.v:59]
WARNING: [Synth 8-6014] Unused sequential element T_reg[46] was removed.  [C:/Users/HP/perceptron_behavioral/perceptron_behavioral/perceptron_behavioral.srcs/sources_1/new/perceptron_dataset.v:59]
WARNING: [Synth 8-6014] Unused sequential element T_reg[47] was removed.  [C:/Users/HP/perceptron_behavioral/perceptron_behavioral/perceptron_behavioral.srcs/sources_1/new/perceptron_dataset.v:59]
WARNING: [Synth 8-6014] Unused sequential element T_reg[48] was removed.  [C:/Users/HP/perceptron_behavioral/perceptron_behavioral/perceptron_behavioral.srcs/sources_1/new/perceptron_dataset.v:59]
WARNING: [Synth 8-6014] Unused sequential element T_reg[49] was removed.  [C:/Users/HP/perceptron_behavioral/perceptron_behavioral/perceptron_behavioral.srcs/sources_1/new/perceptron_dataset.v:59]
WARNING: [Synth 8-6014] Unused sequential element T_reg[50] was removed.  [C:/Users/HP/perceptron_behavioral/perceptron_behavioral/perceptron_behavioral.srcs/sources_1/new/perceptron_dataset.v:59]
WARNING: [Synth 8-6014] Unused sequential element T_reg[51] was removed.  [C:/Users/HP/perceptron_behavioral/perceptron_behavioral/perceptron_behavioral.srcs/sources_1/new/perceptron_dataset.v:59]
WARNING: [Synth 8-6014] Unused sequential element T_reg[52] was removed.  [C:/Users/HP/perceptron_behavioral/perceptron_behavioral/perceptron_behavioral.srcs/sources_1/new/perceptron_dataset.v:59]
WARNING: [Synth 8-6014] Unused sequential element T_reg[53] was removed.  [C:/Users/HP/perceptron_behavioral/perceptron_behavioral/perceptron_behavioral.srcs/sources_1/new/perceptron_dataset.v:59]
WARNING: [Synth 8-6014] Unused sequential element T_reg[54] was removed.  [C:/Users/HP/perceptron_behavioral/perceptron_behavioral/perceptron_behavioral.srcs/sources_1/new/perceptron_dataset.v:59]
WARNING: [Synth 8-6014] Unused sequential element T_reg[55] was removed.  [C:/Users/HP/perceptron_behavioral/perceptron_behavioral/perceptron_behavioral.srcs/sources_1/new/perceptron_dataset.v:59]
WARNING: [Synth 8-6014] Unused sequential element T_reg[56] was removed.  [C:/Users/HP/perceptron_behavioral/perceptron_behavioral/perceptron_behavioral.srcs/sources_1/new/perceptron_dataset.v:59]
WARNING: [Synth 8-6014] Unused sequential element T_reg[57] was removed.  [C:/Users/HP/perceptron_behavioral/perceptron_behavioral/perceptron_behavioral.srcs/sources_1/new/perceptron_dataset.v:59]
WARNING: [Synth 8-6014] Unused sequential element T_reg[58] was removed.  [C:/Users/HP/perceptron_behavioral/perceptron_behavioral/perceptron_behavioral.srcs/sources_1/new/perceptron_dataset.v:59]
WARNING: [Synth 8-6014] Unused sequential element T_reg[59] was removed.  [C:/Users/HP/perceptron_behavioral/perceptron_behavioral/perceptron_behavioral.srcs/sources_1/new/perceptron_dataset.v:59]
WARNING: [Synth 8-6014] Unused sequential element T_reg[60] was removed.  [C:/Users/HP/perceptron_behavioral/perceptron_behavioral/perceptron_behavioral.srcs/sources_1/new/perceptron_dataset.v:59]
WARNING: [Synth 8-6014] Unused sequential element T_reg[61] was removed.  [C:/Users/HP/perceptron_behavioral/perceptron_behavioral/perceptron_behavioral.srcs/sources_1/new/perceptron_dataset.v:59]
WARNING: [Synth 8-6014] Unused sequential element T_reg[62] was removed.  [C:/Users/HP/perceptron_behavioral/perceptron_behavioral/perceptron_behavioral.srcs/sources_1/new/perceptron_dataset.v:59]
WARNING: [Synth 8-6014] Unused sequential element T_reg[63] was removed.  [C:/Users/HP/perceptron_behavioral/perceptron_behavioral/perceptron_behavioral.srcs/sources_1/new/perceptron_dataset.v:59]
WARNING: [Synth 8-6014] Unused sequential element T_reg[64] was removed.  [C:/Users/HP/perceptron_behavioral/perceptron_behavioral/perceptron_behavioral.srcs/sources_1/new/perceptron_dataset.v:59]
WARNING: [Synth 8-6014] Unused sequential element T_reg[65] was removed.  [C:/Users/HP/perceptron_behavioral/perceptron_behavioral/perceptron_behavioral.srcs/sources_1/new/perceptron_dataset.v:59]
WARNING: [Synth 8-6014] Unused sequential element T_reg[66] was removed.  [C:/Users/HP/perceptron_behavioral/perceptron_behavioral/perceptron_behavioral.srcs/sources_1/new/perceptron_dataset.v:59]
WARNING: [Synth 8-6014] Unused sequential element T_reg[67] was removed.  [C:/Users/HP/perceptron_behavioral/perceptron_behavioral/perceptron_behavioral.srcs/sources_1/new/perceptron_dataset.v:59]
WARNING: [Synth 8-6014] Unused sequential element T_reg[68] was removed.  [C:/Users/HP/perceptron_behavioral/perceptron_behavioral/perceptron_behavioral.srcs/sources_1/new/perceptron_dataset.v:59]
WARNING: [Synth 8-6014] Unused sequential element T_reg[69] was removed.  [C:/Users/HP/perceptron_behavioral/perceptron_behavioral/perceptron_behavioral.srcs/sources_1/new/perceptron_dataset.v:59]
WARNING: [Synth 8-6014] Unused sequential element T_reg[70] was removed.  [C:/Users/HP/perceptron_behavioral/perceptron_behavioral/perceptron_behavioral.srcs/sources_1/new/perceptron_dataset.v:59]
WARNING: [Synth 8-6014] Unused sequential element T_reg[71] was removed.  [C:/Users/HP/perceptron_behavioral/perceptron_behavioral/perceptron_behavioral.srcs/sources_1/new/perceptron_dataset.v:59]
WARNING: [Synth 8-6014] Unused sequential element T_reg[72] was removed.  [C:/Users/HP/perceptron_behavioral/perceptron_behavioral/perceptron_behavioral.srcs/sources_1/new/perceptron_dataset.v:59]
WARNING: [Synth 8-6014] Unused sequential element T_reg[73] was removed.  [C:/Users/HP/perceptron_behavioral/perceptron_behavioral/perceptron_behavioral.srcs/sources_1/new/perceptron_dataset.v:59]
WARNING: [Synth 8-6014] Unused sequential element T_reg[74] was removed.  [C:/Users/HP/perceptron_behavioral/perceptron_behavioral/perceptron_behavioral.srcs/sources_1/new/perceptron_dataset.v:59]
WARNING: [Synth 8-6014] Unused sequential element T_reg[75] was removed.  [C:/Users/HP/perceptron_behavioral/perceptron_behavioral/perceptron_behavioral.srcs/sources_1/new/perceptron_dataset.v:59]
WARNING: [Synth 8-6014] Unused sequential element T_reg[76] was removed.  [C:/Users/HP/perceptron_behavioral/perceptron_behavioral/perceptron_behavioral.srcs/sources_1/new/perceptron_dataset.v:59]
WARNING: [Synth 8-6014] Unused sequential element T_reg[77] was removed.  [C:/Users/HP/perceptron_behavioral/perceptron_behavioral/perceptron_behavioral.srcs/sources_1/new/perceptron_dataset.v:59]
WARNING: [Synth 8-6014] Unused sequential element T_reg[78] was removed.  [C:/Users/HP/perceptron_behavioral/perceptron_behavioral/perceptron_behavioral.srcs/sources_1/new/perceptron_dataset.v:59]
WARNING: [Synth 8-6014] Unused sequential element T_reg[79] was removed.  [C:/Users/HP/perceptron_behavioral/perceptron_behavioral/perceptron_behavioral.srcs/sources_1/new/perceptron_dataset.v:59]
WARNING: [Synth 8-6014] Unused sequential element T_reg[80] was removed.  [C:/Users/HP/perceptron_behavioral/perceptron_behavioral/perceptron_behavioral.srcs/sources_1/new/perceptron_dataset.v:59]
WARNING: [Synth 8-6014] Unused sequential element T_reg[81] was removed.  [C:/Users/HP/perceptron_behavioral/perceptron_behavioral/perceptron_behavioral.srcs/sources_1/new/perceptron_dataset.v:59]
WARNING: [Synth 8-6014] Unused sequential element T_reg[82] was removed.  [C:/Users/HP/perceptron_behavioral/perceptron_behavioral/perceptron_behavioral.srcs/sources_1/new/perceptron_dataset.v:59]
WARNING: [Synth 8-6014] Unused sequential element T_reg[83] was removed.  [C:/Users/HP/perceptron_behavioral/perceptron_behavioral/perceptron_behavioral.srcs/sources_1/new/perceptron_dataset.v:59]
WARNING: [Synth 8-6014] Unused sequential element T_reg[84] was removed.  [C:/Users/HP/perceptron_behavioral/perceptron_behavioral/perceptron_behavioral.srcs/sources_1/new/perceptron_dataset.v:59]
WARNING: [Synth 8-6014] Unused sequential element T_reg[85] was removed.  [C:/Users/HP/perceptron_behavioral/perceptron_behavioral/perceptron_behavioral.srcs/sources_1/new/perceptron_dataset.v:59]
WARNING: [Synth 8-6014] Unused sequential element T_reg[86] was removed.  [C:/Users/HP/perceptron_behavioral/perceptron_behavioral/perceptron_behavioral.srcs/sources_1/new/perceptron_dataset.v:59]
WARNING: [Synth 8-6014] Unused sequential element T_reg[87] was removed.  [C:/Users/HP/perceptron_behavioral/perceptron_behavioral/perceptron_behavioral.srcs/sources_1/new/perceptron_dataset.v:59]
WARNING: [Synth 8-6014] Unused sequential element T_reg[88] was removed.  [C:/Users/HP/perceptron_behavioral/perceptron_behavioral/perceptron_behavioral.srcs/sources_1/new/perceptron_dataset.v:59]
WARNING: [Synth 8-6014] Unused sequential element T_reg[89] was removed.  [C:/Users/HP/perceptron_behavioral/perceptron_behavioral/perceptron_behavioral.srcs/sources_1/new/perceptron_dataset.v:59]
WARNING: [Synth 8-6014] Unused sequential element T_reg[90] was removed.  [C:/Users/HP/perceptron_behavioral/perceptron_behavioral/perceptron_behavioral.srcs/sources_1/new/perceptron_dataset.v:59]
WARNING: [Synth 8-6014] Unused sequential element T_reg[91] was removed.  [C:/Users/HP/perceptron_behavioral/perceptron_behavioral/perceptron_behavioral.srcs/sources_1/new/perceptron_dataset.v:59]
WARNING: [Synth 8-6014] Unused sequential element T_reg[92] was removed.  [C:/Users/HP/perceptron_behavioral/perceptron_behavioral/perceptron_behavioral.srcs/sources_1/new/perceptron_dataset.v:59]
WARNING: [Synth 8-6014] Unused sequential element T_reg[93] was removed.  [C:/Users/HP/perceptron_behavioral/perceptron_behavioral/perceptron_behavioral.srcs/sources_1/new/perceptron_dataset.v:59]
WARNING: [Synth 8-6014] Unused sequential element T_reg[94] was removed.  [C:/Users/HP/perceptron_behavioral/perceptron_behavioral/perceptron_behavioral.srcs/sources_1/new/perceptron_dataset.v:59]
WARNING: [Synth 8-6014] Unused sequential element T_reg[95] was removed.  [C:/Users/HP/perceptron_behavioral/perceptron_behavioral/perceptron_behavioral.srcs/sources_1/new/perceptron_dataset.v:59]
WARNING: [Synth 8-6014] Unused sequential element T_reg[96] was removed.  [C:/Users/HP/perceptron_behavioral/perceptron_behavioral/perceptron_behavioral.srcs/sources_1/new/perceptron_dataset.v:59]
WARNING: [Synth 8-6014] Unused sequential element T_reg[97] was removed.  [C:/Users/HP/perceptron_behavioral/perceptron_behavioral/perceptron_behavioral.srcs/sources_1/new/perceptron_dataset.v:59]
WARNING: [Synth 8-6014] Unused sequential element T_reg[98] was removed.  [C:/Users/HP/perceptron_behavioral/perceptron_behavioral/perceptron_behavioral.srcs/sources_1/new/perceptron_dataset.v:59]
WARNING: [Synth 8-6014] Unused sequential element T_reg[99] was removed.  [C:/Users/HP/perceptron_behavioral/perceptron_behavioral/perceptron_behavioral.srcs/sources_1/new/perceptron_dataset.v:59]
INFO: [Common 17-14] Message 'Synth 8-6014' appears 100 times and further instances of the messages will be disabled. Use the Tcl command set_msg_config to change the current settings.
INFO: [Synth 8-5818] HDL ADVISOR - The operator resource <adder> is shared. To prevent sharing consider applying a KEEP on the output of the operator [C:/Users/HP/perceptron_behavioral/perceptron_behavioral/perceptron_behavioral.srcs/sources_1/new/perceptron_dataset.v:92]
INFO: [Synth 8-5818] HDL ADVISOR - The operator resource <adder> is shared. To prevent sharing consider applying a KEEP on the output of the operator [C:/Users/HP/perceptron_behavioral/perceptron_behavioral/perceptron_behavioral.srcs/sources_1/new/perceptron_dataset.v:92]
INFO: [Synth 8-5818] HDL ADVISOR - The operator resource <adder> is shared. To prevent sharing consider applying a KEEP on the output of the operator [C:/Users/HP/perceptron_behavioral/perceptron_behavioral/perceptron_behavioral.srcs/sources_1/new/perceptron_dataset.v:92]
INFO: [Synth 8-5818] HDL ADVISOR - The operator resource <adder> is shared. To prevent sharing consider applying a KEEP on the output of the operator [C:/Users/HP/perceptron_behavioral/perceptron_behavioral/perceptron_behavioral.srcs/sources_1/new/perceptron_dataset.v:92]
INFO: [Synth 8-5818] HDL ADVISOR - The operator resource <adder> is shared. To prevent sharing consider applying a KEEP on the output of the operator [C:/Users/HP/perceptron_behavioral/perceptron_behavioral/perceptron_behavioral.srcs/sources_1/new/perceptron_dataset.v:92]
INFO: [Synth 8-5818] HDL ADVISOR - The operator resource <adder> is shared. To prevent sharing consider applying a KEEP on the output of the operator [C:/Users/HP/perceptron_behavioral/perceptron_behavioral/perceptron_behavioral.srcs/sources_1/new/perceptron_dataset.v:92]
INFO: [Synth 8-5818] HDL ADVISOR - The operator resource <adder> is shared. To prevent sharing consider applying a KEEP on the output of the operator [C:/Users/HP/perceptron_behavioral/perceptron_behavioral/perceptron_behavioral.srcs/sources_1/new/perceptron_dataset.v:92]
INFO: [Synth 8-5818] HDL ADVISOR - The operator resource <adder> is shared. To prevent sharing consider applying a KEEP on the output of the operator [C:/Users/HP/perceptron_behavioral/perceptron_behavioral/perceptron_behavioral.srcs/sources_1/new/perceptron_dataset.v:92]
INFO: [Synth 8-5818] HDL ADVISOR - The operator resource <adder> is shared. To prevent sharing consider applying a KEEP on the output of the operator [C:/Users/HP/perceptron_behavioral/perceptron_behavioral/perceptron_behavioral.srcs/sources_1/new/perceptron_dataset.v:92]
INFO: [Synth 8-5818] HDL ADVISOR - The operator resource <adder> is shared. To prevent sharing consider applying a KEEP on the output of the operator [C:/Users/HP/perceptron_behavioral/perceptron_behavioral/perceptron_behavioral.srcs/sources_1/new/perceptron_dataset.v:92]
INFO: [Synth 8-5818] HDL ADVISOR - The operator resource <adder> is shared. To prevent sharing consider applying a KEEP on the output of the operator [C:/Users/HP/perceptron_behavioral/perceptron_behavioral/perceptron_behavioral.srcs/sources_1/new/perceptron_dataset.v:92]
INFO: [Synth 8-802] inferred FSM for state register 'state_reg' in module 'perceptron_dataset'
INFO: [Synth 8-5544] ROM "X" won't be mapped to Block RAM because address size (3) smaller than threshold (5)
INFO: [Synth 8-5544] ROM "prediction" won't be mapped to Block RAM because address size (3) smaller than threshold (5)
INFO: [Synth 8-5544] ROM "state" won't be mapped to Block RAM because address size (1) smaller than threshold (5)
---------------------------------------------------------------------------------------------------
                   State |                     New Encoding |                Previous Encoding 
---------------------------------------------------------------------------------------------------
                    IDLE |                              000 |                              000
               GEN_TABLE |                              001 |                              001
              INIT_EPOCH |                              010 |                              010
                  SUM_ST |                              011 |                              011
                  UPDATE |                              100 |                              100
                 DONE_ST |                              101 |                              101
                  iSTATE |                              110 |                              111
---------------------------------------------------------------------------------------------------
INFO: [Synth 8-3354] encoded FSM with state register 'state_reg' using encoding 'sequential' in module 'perceptron_dataset'
---------------------------------------------------------------------------------
Finished RTL Optimization Phase 2 : Time (s): cpu = 00:00:25 ; elapsed = 00:00:25 . Memory (MB): peak = 739.520 ; gain = 427.020
---------------------------------------------------------------------------------

Report RTL Partitions: 
+------+------------------------+------------+----------+
|      |RTL Partition           |Replication |Instances |
+------+------------------------+------------+----------+
|1     |perceptron_dataset__GB0 |           1|     28801|
|2     |perceptron_dataset__GB1 |           1|      7200|
|3     |perceptron_dataset__GB2 |           1|      9011|
|4     |perceptron_dataset__GB3 |           1|     11263|
|5     |perceptron_dataset__GB4 |           1|     15035|
+------+------------------------+------------+----------+
No constraint files found.
---------------------------------------------------------------------------------
Start RTL Component Statistics 
---------------------------------------------------------------------------------
Detailed RTL Component Info : 
+---Adders : 
	  11 Input     32 Bit       Adders := 1     
	   2 Input     32 Bit       Adders := 12    
+---Registers : 
	               32 Bit    Registers := 12    
	               10 Bit    Registers := 1024  
	                1 Bit    Registers := 7     
+---Muxes : 
	   2 Input     32 Bit        Muxes := 10    
	   7 Input     32 Bit        Muxes := 12    
	   2 Input     14 Bit        Muxes := 11    
	   6 Input      3 Bit        Muxes := 1     
	   2 Input      3 Bit        Muxes := 3     
	   2 Input      1 Bit        Muxes := 3     
	   4 Input      1 Bit        Muxes := 3     
	   7 Input      1 Bit        Muxes := 19    
---------------------------------------------------------------------------------
Finished RTL Component Statistics 
---------------------------------------------------------------------------------
---------------------------------------------------------------------------------
Start RTL Hierarchical Component Statistics 
---------------------------------------------------------------------------------
Hierarchical RTL Component report 
Module perceptron_dataset 
Detailed RTL Component Info : 
+---Adders : 
	  11 Input     32 Bit       Adders := 1     
	   2 Input     32 Bit       Adders := 12    
+---Registers : 
	               32 Bit    Registers := 12    
	               10 Bit    Registers := 1024  
	                1 Bit    Registers := 7     
+---Muxes : 
	   2 Input     32 Bit        Muxes := 10    
	   7 Input     32 Bit        Muxes := 12    
	   2 Input     14 Bit        Muxes := 11    
	   6 Input      3 Bit        Muxes := 1     
	   2 Input      3 Bit        Muxes := 3     
	   2 Input      1 Bit        Muxes := 3     
	   4 Input      1 Bit        Muxes := 3     
	   7 Input      1 Bit        Muxes := 19    
---------------------------------------------------------------------------------
Finished RTL Hierarchical Component Statistics
---------------------------------------------------------------------------------
---------------------------------------------------------------------------------
Start Part Resource Summary
---------------------------------------------------------------------------------
Part Resources:
DSPs: 45 (col length:60)
BRAMs: 50 (col length: RAMB18 60 RAMB36 30)
---------------------------------------------------------------------------------
Finished Part Resource Summary
---------------------------------------------------------------------------------
No constraint files found.
---------------------------------------------------------------------------------
Start Cross Boundary and Area Optimization
---------------------------------------------------------------------------------
Warning: Parallel synthesis criteria is not met 
INFO: [Synth 8-3333] propagating constant 1 across sequential element (\X_reg[1023][7] )
INFO: [Synth 8-3333] propagating constant 1 across sequential element (\X_reg[1022][7] )
INFO: [Synth 8-3333] propagating constant 1 across sequential element (\X_reg[1021][7] )
INFO: [Synth 8-3333] propagating constant 1 across sequential element (\X_reg[1020][7] )
INFO: [Synth 8-3333] propagating constant 1 across sequential element (\X_reg[1019][7] )
INFO: [Synth 8-3333] propagating constant 1 across sequential element (\X_reg[1018][7] )
INFO: [Synth 8-3333] propagating constant 1 across sequential element (\X_reg[1017][7] )
INFO: [Synth 8-3333] propagating constant 1 across sequential element (\X_reg[1016][7] )
INFO: [Synth 8-3333] propagating constant 1 across sequential element (\X_reg[1015][7] )
INFO: [Synth 8-3333] propagating constant 1 across sequential element (\X_reg[1014][7] )
INFO: [Synth 8-3333] propagating constant 1 across sequential element (\X_reg[1013][7] )
INFO: [Synth 8-3333] propagating constant 1 across sequential element (\X_reg[1012][7] )
INFO: [Synth 8-3333] propagating constant 1 across sequential element (\X_reg[1011][7] )
INFO: [Synth 8-3333] propagating constant 1 across sequential element (\X_reg[1010][7] )
INFO: [Synth 8-3333] propagating constant 1 across sequential element (\X_reg[1009][7] )
INFO: [Synth 8-3333] propagating constant 1 across sequential element (\X_reg[1008][7] )
INFO: [Synth 8-3333] propagating constant 1 across sequential element (\X_reg[1007][7] )
INFO: [Synth 8-3333] propagating constant 1 across sequential element (\X_reg[1006][7] )
INFO: [Synth 8-3333] propagating constant 1 across sequential element (\X_reg[1005][7] )
INFO: [Synth 8-3333] propagating constant 1 across sequential element (\X_reg[1004][7] )
INFO: [Synth 8-3333] propagating constant 1 across sequential element (\X_reg[1003][7] )
INFO: [Synth 8-3333] propagating constant 1 across sequential element (\X_reg[1002][7] )
INFO: [Synth 8-3333] propagating constant 1 across sequential element (\X_reg[1001][7] )
INFO: [Synth 8-3333] propagating constant 1 across sequential element (\X_reg[1000][7] )
INFO: [Synth 8-3333] propagating constant 1 across sequential element (\X_reg[999][7] )
INFO: [Synth 8-3333] propagating constant 1 across sequential element (\X_reg[998][7] )
INFO: [Synth 8-3333] propagating constant 1 across sequential element (\X_reg[997][7] )
INFO: [Synth 8-3333] propagating constant 1 across sequential element (\X_reg[996][7] )
INFO: [Synth 8-3333] propagating constant 1 across sequential element (\X_reg[995][7] )
INFO: [Synth 8-3333] propagating constant 1 across sequential element (\X_reg[994][7] )
INFO: [Synth 8-3333] propagating constant 1 across sequential element (\X_reg[993][7] )
INFO: [Synth 8-3333] propagating constant 1 across sequential element (\X_reg[992][7] )
INFO: [Synth 8-3333] propagating constant 1 across sequential element (\X_reg[991][7] )
INFO: [Synth 8-3333] propagating constant 1 across sequential element (\X_reg[990][7] )
INFO: [Synth 8-3333] propagating constant 1 across sequential element (\X_reg[989][7] )
INFO: [Synth 8-3333] propagating constant 1 across sequential element (\X_reg[988][7] )
INFO: [Synth 8-3333] propagating constant 1 across sequential element (\X_reg[987][7] )
INFO: [Synth 8-3333] propagating constant 1 across sequential element (\X_reg[986][7] )
INFO: [Synth 8-3333] propagating constant 1 across sequential element (\X_reg[985][7] )
INFO: [Synth 8-3333] propagating constant 1 across sequential element (\X_reg[984][7] )
INFO: [Synth 8-3333] propagating constant 1 across sequential element (\X_reg[983][7] )
INFO: [Synth 8-3333] propagating constant 1 across sequential element (\X_reg[982][7] )
INFO: [Synth 8-3333] propagating constant 1 across sequential element (\X_reg[981][7] )
INFO: [Synth 8-3333] propagating constant 1 across sequential element (\X_reg[980][7] )
INFO: [Synth 8-3333] propagating constant 1 across sequential element (\X_reg[979][7] )
INFO: [Synth 8-3333] propagating constant 1 across sequential element (\X_reg[978][7] )
INFO: [Synth 8-3333] propagating constant 1 across sequential element (\X_reg[977][7] )
INFO: [Synth 8-3333] propagating constant 1 across sequential element (\X_reg[976][7] )
INFO: [Synth 8-3333] propagating constant 1 across sequential element (\X_reg[975][7] )
INFO: [Synth 8-3333] propagating constant 1 across sequential element (\X_reg[974][7] )
INFO: [Synth 8-3333] propagating constant 1 across sequential element (\X_reg[973][7] )
INFO: [Synth 8-3333] propagating constant 1 across sequential element (\X_reg[972][7] )
INFO: [Synth 8-3333] propagating constant 1 across sequential element (\X_reg[971][7] )
INFO: [Synth 8-3333] propagating constant 1 across sequential element (\X_reg[970][7] )
INFO: [Synth 8-3333] propagating constant 1 across sequential element (\X_reg[969][7] )
INFO: [Synth 8-3333] propagating constant 1 across sequential element (\X_reg[968][7] )
INFO: [Synth 8-3333] propagating constant 1 across sequential element (\X_reg[967][7] )
INFO: [Synth 8-3333] propagating constant 1 across sequential element (\X_reg[966][7] )
INFO: [Synth 8-3333] propagating constant 1 across sequential element (\X_reg[965][7] )
INFO: [Synth 8-3333] propagating constant 1 across sequential element (\X_reg[964][7] )
INFO: [Synth 8-3333] propagating constant 1 across sequential element (\X_reg[963][7] )
INFO: [Synth 8-3333] propagating constant 1 across sequential element (\X_reg[962][7] )
INFO: [Synth 8-3333] propagating constant 1 across sequential element (\X_reg[961][7] )
INFO: [Synth 8-3333] propagating constant 1 across sequential element (\X_reg[960][7] )
INFO: [Synth 8-3333] propagating constant 1 across sequential element (\X_reg[959][7] )
INFO: [Synth 8-3333] propagating constant 1 across sequential element (\X_reg[958][7] )
INFO: [Synth 8-3333] propagating constant 1 across sequential element (\X_reg[957][7] )
INFO: [Synth 8-3333] propagating constant 1 across sequential element (\X_reg[956][7] )
INFO: [Synth 8-3333] propagating constant 1 across sequential element (\X_reg[955][7] )
INFO: [Synth 8-3333] propagating constant 1 across sequential element (\X_reg[954][7] )
INFO: [Synth 8-3333] propagating constant 1 across sequential element (\X_reg[953][7] )
INFO: [Synth 8-3333] propagating constant 1 across sequential element (\X_reg[952][7] )
INFO: [Synth 8-3333] propagating constant 1 across sequential element (\X_reg[951][7] )
INFO: [Synth 8-3333] propagating constant 1 across sequential element (\X_reg[950][7] )
INFO: [Synth 8-3333] propagating constant 1 across sequential element (\X_reg[949][7] )
INFO: [Synth 8-3333] propagating constant 1 across sequential element (\X_reg[948][7] )
INFO: [Synth 8-3333] propagating constant 1 across sequential element (\X_reg[947][7] )
INFO: [Synth 8-3333] propagating constant 1 across sequential element (\X_reg[946][7] )
INFO: [Synth 8-3333] propagating constant 1 across sequential element (\X_reg[945][7] )
INFO: [Synth 8-3333] propagating constant 1 across sequential element (\X_reg[944][7] )
INFO: [Synth 8-3333] propagating constant 1 across sequential element (\X_reg[943][7] )
INFO: [Synth 8-3333] propagating constant 1 across sequential element (\X_reg[942][7] )
INFO: [Synth 8-3333] propagating constant 1 across sequential element (\X_reg[941][7] )
INFO: [Synth 8-3333] propagating constant 1 across sequential element (\X_reg[940][7] )
INFO: [Synth 8-3333] propagating constant 1 across sequential element (\X_reg[939][7] )
INFO: [Synth 8-3333] propagating constant 1 across sequential element (\X_reg[938][7] )
INFO: [Synth 8-3333] propagating constant 1 across sequential element (\X_reg[937][7] )
INFO: [Synth 8-3333] propagating constant 1 across sequential element (\X_reg[936][7] )
INFO: [Synth 8-3333] propagating constant 1 across sequential element (\X_reg[935][7] )
INFO: [Synth 8-3333] propagating constant 1 across sequential element (\X_reg[934][7] )
INFO: [Synth 8-3333] propagating constant 1 across sequential element (\X_reg[933][7] )
INFO: [Synth 8-3333] propagating constant 1 across sequential element (\X_reg[932][7] )
INFO: [Synth 8-3333] propagating constant 1 across sequential element (\X_reg[931][7] )
INFO: [Synth 8-3333] propagating constant 1 across sequential element (\X_reg[930][7] )
INFO: [Synth 8-3333] propagating constant 1 across sequential element (\X_reg[929][7] )
INFO: [Synth 8-3333] propagating constant 1 across sequential element (\X_reg[928][7] )
INFO: [Synth 8-3333] propagating constant 1 across sequential element (\X_reg[927][7] )
INFO: [Synth 8-3333] propagating constant 1 across sequential element (\X_reg[926][7] )
INFO: [Synth 8-3333] propagating constant 1 across sequential element (\X_reg[925][7] )
INFO: [Synth 8-3333] propagating constant 1 across sequential element (\X_reg[924][7] )
INFO: [Common 17-14] Message 'Synth 8-3333' appears 100 times and further instances of the messages will be disabled. Use the Tcl command set_msg_config to change the current settings.
INFO: [Synth 8-3886] merging instance 'i_3/X_reg[0][0]' (FDE) to 'i_3/X_reg[0][9]'
INFO: [Synth 8-3886] merging instance 'i_3/X_reg[0][1]' (FDE) to 'i_3/X_reg[0][9]'
INFO: [Synth 8-3886] merging instance 'i_3/X_reg[0][2]' (FDE) to 'i_3/X_reg[0][9]'
INFO: [Synth 8-3886] merging instance 'i_3/X_reg[0][3]' (FDE) to 'i_3/X_reg[0][9]'
INFO: [Synth 8-3886] merging instance 'i_3/X_reg[0][4]' (FDE) to 'i_3/X_reg[0][9]'
INFO: [Synth 8-3886] merging instance 'i_3/X_reg[0][5]' (FDE) to 'i_3/X_reg[0][9]'
INFO: [Synth 8-3886] merging instance 'i_3/X_reg[0][6]' (FDE) to 'i_3/X_reg[0][9]'
INFO: [Synth 8-3886] merging instance 'i_3/X_reg[0][7]' (FDE) to 'i_3/X_reg[0][9]'
INFO: [Synth 8-3886] merging instance 'i_3/X_reg[0][8]' (FDE) to 'i_3/X_reg[0][9]'
---------------------------------------------------------------------------------
Finished Cross Boundary and Area Optimization : Time (s): cpu = 00:00:47 ; elapsed = 00:00:49 . Memory (MB): peak = 767.027 ; gain = 454.527
---------------------------------------------------------------------------------

Report RTL Partitions: 
+------+------------------------+------------+----------+
|      |RTL Partition           |Replication |Instances |
+------+------------------------+------------+----------+
|1     |perceptron_dataset__GB4 |           1|      3618|
+------+------------------------+------------+----------+
No constraint files found.
---------------------------------------------------------------------------------
Start Timing Optimization
---------------------------------------------------------------------------------
---------------------------------------------------------------------------------
Finished Timing Optimization : Time (s): cpu = 00:00:47 ; elapsed = 00:00:49 . Memory (MB): peak = 767.027 ; gain = 454.527
---------------------------------------------------------------------------------

Report RTL Partitions: 
+------+------------------------+------------+----------+
|      |RTL Partition           |Replication |Instances |
+------+------------------------+------------+----------+
|1     |perceptron_dataset__GB4 |           1|      3618|
+------+------------------------+------------+----------+
---------------------------------------------------------------------------------
Start Technology Mapping
---------------------------------------------------------------------------------
---------------------------------------------------------------------------------
Finished Technology Mapping : Time (s): cpu = 00:00:47 ; elapsed = 00:00:49 . Memory (MB): peak = 767.027 ; gain = 454.527
---------------------------------------------------------------------------------

Report RTL Partitions: 
+-+--------------+------------+----------+
| |RTL Partition |Replication |Instances |
+-+--------------+------------+----------+
+-+--------------+------------+----------+
---------------------------------------------------------------------------------
Start IO Insertion
---------------------------------------------------------------------------------
---------------------------------------------------------------------------------
Start Flattening Before IO Insertion
---------------------------------------------------------------------------------
---------------------------------------------------------------------------------
Finished Flattening Before IO Insertion
---------------------------------------------------------------------------------
---------------------------------------------------------------------------------
Start Final Netlist Cleanup
---------------------------------------------------------------------------------
---------------------------------------------------------------------------------
Finished Final Netlist Cleanup
---------------------------------------------------------------------------------
---------------------------------------------------------------------------------
Finished IO Insertion : Time (s): cpu = 00:00:48 ; elapsed = 00:00:50 . Memory (MB): peak = 767.027 ; gain = 454.527
---------------------------------------------------------------------------------

Report Check Netlist: 
+------+------------------+-------+---------+-------+------------------+
|      |Item              |Errors |Warnings |Status |Description       |
+------+------------------+-------+---------+-------+------------------+
|1     |multi_driven_nets |      0|        0|Passed |Multi driven nets |
+------+------------------+-------+---------+-------+------------------+
---------------------------------------------------------------------------------
Start Renaming Generated Instances
---------------------------------------------------------------------------------
---------------------------------------------------------------------------------
Finished Renaming Generated Instances : Time (s): cpu = 00:00:48 ; elapsed = 00:00:50 . Memory (MB): peak = 767.027 ; gain = 454.527
---------------------------------------------------------------------------------

Report RTL Partitions: 
+-+--------------+------------+----------+
| |RTL Partition |Replication |Instances |
+-+--------------+------------+----------+
+-+--------------+------------+----------+
---------------------------------------------------------------------------------
Start Rebuilding User Hierarchy
---------------------------------------------------------------------------------
---------------------------------------------------------------------------------
Finished Rebuilding User Hierarchy : Time (s): cpu = 00:00:48 ; elapsed = 00:00:50 . Memory (MB): peak = 767.027 ; gain = 454.527
---------------------------------------------------------------------------------
---------------------------------------------------------------------------------
Start Renaming Generated Ports
---------------------------------------------------------------------------------
---------------------------------------------------------------------------------
Finished Renaming Generated Ports : Time (s): cpu = 00:00:48 ; elapsed = 00:00:50 . Memory (MB): peak = 767.027 ; gain = 454.527
---------------------------------------------------------------------------------
---------------------------------------------------------------------------------
Start Handling Custom Attributes
---------------------------------------------------------------------------------
---------------------------------------------------------------------------------
Finished Handling Custom Attributes : Time (s): cpu = 00:00:48 ; elapsed = 00:00:50 . Memory (MB): peak = 767.027 ; gain = 454.527
---------------------------------------------------------------------------------
---------------------------------------------------------------------------------
Start Renaming Generated Nets
---------------------------------------------------------------------------------
---------------------------------------------------------------------------------
Finished Renaming Generated Nets : Time (s): cpu = 00:00:48 ; elapsed = 00:00:50 . Memory (MB): peak = 767.027 ; gain = 454.527
---------------------------------------------------------------------------------
---------------------------------------------------------------------------------
Start Writing Synthesis Report
---------------------------------------------------------------------------------

Report BlackBoxes: 
+-+--------------+----------+
| |BlackBox name |Instances |
+-+--------------+----------+
+-+--------------+----------+

Report Cell Usage: 
+------+-------+------+
|      |Cell   |Count |
+------+-------+------+
|1     |BUFG   |     1|
|2     |CARRY4 |   144|
|3     |LUT1   |    17|
|4     |LUT2   |   402|
|5     |LUT3   |    96|
|6     |LUT4   |   107|
|7     |LUT5   |    68|
|8     |LUT6   |   221|
|9     |FDRE   |   394|
|10    |IBUF   |     6|
|11    |OBUF   |     2|
+------+-------+------+

Report Instance Areas: 
+------+---------+-------+------+
|      |Instance |Module |Cells |
+------+---------+-------+------+
|1     |top      |       |  1458|
+------+---------+-------+------+
---------------------------------------------------------------------------------
Finished Writing Synthesis Report : Time (s): cpu = 00:00:48 ; elapsed = 00:00:50 . Memory (MB): peak = 767.027 ; gain = 454.527
---------------------------------------------------------------------------------
Synthesis finished with 0 errors, 0 critical warnings and 1023 warnings.
Synthesis Optimization Runtime : Time (s): cpu = 00:00:48 ; elapsed = 00:00:50 . Memory (MB): peak = 767.027 ; gain = 454.527
Synthesis Optimization Complete : Time (s): cpu = 00:00:48 ; elapsed = 00:00:50 . Memory (MB): peak = 767.027 ; gain = 454.527
INFO: [Project 1-571] Translating synthesized netlist
INFO: [Netlist 29-17] Analyzing 150 Unisim elements for replacement
INFO: [Netlist 29-28] Unisim Transformation completed in 0 CPU seconds
WARNING: [Netlist 29-101] Netlist 'perceptron_dataset' is not ideal for floorplanning, since the cellview 'perceptron_dataset' contains a large number of primitives.  Please consider enabling hierarchy in synthesis if you want to do floorplanning.
INFO: [Project 1-570] Preparing netlist for logic optimization
INFO: [Opt 31-138] Pushed 0 inverter(s) to 0 load pin(s).
INFO: [Project 1-111] Unisim Transformation Summary:
No Unisim elements were transformed.

INFO: [Common 17-83] Releasing license: Synthesis
240 Infos, 101 Warnings, 0 Critical Warnings and 0 Errors encountered.
synth_design completed successfully
synth_design: Time (s): cpu = 00:00:52 ; elapsed = 00:00:55 . Memory (MB): peak = 767.027 ; gain = 467.863
WARNING: [Constraints 18-5210] No constraint will be written out.
INFO: [Common 17-1381] The checkpoint 'C:/Users/HP/perceptron_behavioral/perceptron_behavioral/perceptron_behavioral.runs/synth_1/perceptron_dataset.dcp' has been generated.
INFO: [runtcl-4] Executing : report_utilization -file perceptron_dataset_utilization_synth.rpt -pb perceptron_dataset_utilization_synth.pb
report_utilization: Time (s): cpu = 00:00:00 ; elapsed = 00:00:00.054 . Memory (MB): peak = 767.027 ; gain = 0.000
INFO: [Common 17-206] Exiting Vivado at Mon Apr 13 15:02:39 2026...
