Copyright 1986-2018 Xilinx, Inc. All Rights Reserved.
-----------------------------------------------------------------------------------------------
| Tool Version : Vivado v.2018.2 (win64) Build 2258646 Thu Jun 14 20:03:12 MDT 2018
| Date         : Mon Apr 13 15:03:24 2026
| Host         : DESKTOP-B0IQ682 running 64-bit major release  (build 9200)
| Command      : report_control_sets -verbose -file perceptron_dataset_control_sets_placed.rpt
| Design       : perceptron_dataset
| Device       : xc7a15t
-----------------------------------------------------------------------------------------------

Control Set Information

Table of Contents
-----------------
1. Summary
2. Histogram
3. Flip-Flop Distribution
4. Detailed Control Set Information

1. Summary
----------

+----------------------------------------------------------+-------+
|                          Status                          | Count |
+----------------------------------------------------------+-------+
| Number of unique control sets                            |    15 |
| Unused register locations in slices containing registers |    12 |
+----------------------------------------------------------+-------+


2. Histogram
------------

+--------+--------------+
| Fanout | Control Sets |
+--------+--------------+
|      2 |            2 |
|    16+ |           13 |
+--------+--------------+


3. Flip-Flop Distribution
-------------------------

+--------------+-----------------------+------------------------+-----------------+--------------+
| Clock Enable | Synchronous Set/Reset | Asynchronous Set/Reset | Total Registers | Total Slices |
+--------------+-----------------------+------------------------+-----------------+--------------+
| No           | No                    | No                     |              16 |            4 |
| No           | No                    | Yes                    |               0 |            0 |
| No           | Yes                   | No                     |               0 |            0 |
| Yes          | No                    | No                     |               0 |            0 |
| Yes          | No                    | Yes                    |               0 |            0 |
| Yes          | Yes                   | No                     |             772 |           99 |
+--------------+-----------------------+------------------------+-----------------+--------------+


4. Detailed Control Set Information
-----------------------------------

+----------------+------------------------+------------------------+------------------+----------------+
|  Clock Signal  |      Enable Signal     |    Set/Reset Signal    | Slice Load Count | Bel Load Count |
+----------------+------------------------+------------------------+------------------+----------------+
|  clk_IBUF_BUFG | is_converged_i_1_n_0   | done_i_1_n_0           |                1 |              2 |
|  clk_IBUF_BUFG | done_i_2_n_0           | done_i_1_n_0           |                1 |              2 |
|  clk_IBUF_BUFG |                        |                        |                4 |             16 |
|  clk_IBUF_BUFG | w[6][31]_i_2_n_0       | w[6][31]_i_1_n_0       |                8 |             64 |
|  clk_IBUF_BUFG | w[7][31]_i_2_n_0       | w[7][31]_i_1_n_0       |                8 |             64 |
|  clk_IBUF_BUFG | w[8][31]_i_2_n_0       | w[8][31]_i_1_n_0       |                8 |             64 |
|  clk_IBUF_BUFG | w[9][31]_i_2_n_0       | w[9][31]_i_1_n_0       |                8 |             64 |
|  clk_IBUF_BUFG | b[31]_i_2_n_0          | b[31]_i_1_n_0          |                8 |             64 |
|  clk_IBUF_BUFG | sample_idx[31]_i_2_n_0 | sample_idx[31]_i_1_n_0 |                9 |             64 |
|  clk_IBUF_BUFG | w[1][31]_i_2_n_0       | w[1][31]_i_1_n_0       |                8 |             64 |
|  clk_IBUF_BUFG | w[0][31]_i_2_n_0       | w[0][31]_i_1_n_0       |                8 |             64 |
|  clk_IBUF_BUFG | w[2][31]_i_2_n_0       | w[2][31]_i_1_n_0       |                8 |             64 |
|  clk_IBUF_BUFG | w[3][31]_i_2_n_0       | w[3][31]_i_1_n_0       |                8 |             64 |
|  clk_IBUF_BUFG | w[4][31]_i_2_n_0       | w[4][31]_i_1_n_0       |                8 |             64 |
|  clk_IBUF_BUFG | w[5][31]_i_2_n_0       | w[5][31]_i_1_n_0       |                8 |             64 |
+----------------+------------------------+------------------------+------------------+----------------+


